Loaded scan: 8 visual detections, 0 language detections.
Re-transcribing (whisper)...
Fetching 4 files:   0%|          | 0/4 [00:00<?, ?it/s]Fetching 4 files: 100%|██████████| 4/4 [00:00<00:00, 14146.05it/s]
  1807 utterances
Running language detection...
  18 detections
    [359.1-359.5] bitch (llm_confirmed=True)
    [443.1-443.3] hell (llm_confirmed=True)
    [1401.0-1401.2] fuck (llm_confirmed=True)
    [1870.8-1871.0] shit (llm_confirmed=True)
    [2162.0-2162.4] shit (llm_confirmed=True)
    [2565.6-2565.9] hell (llm_confirmed=True)
    [2852.0-2852.3] shit (llm_confirmed=True)
    [3557.7-3557.9] shit (llm_confirmed=True)
    [4518.5-4518.7] dick (llm_confirmed=True)
    [4971.2-4971.3] hell (llm_confirmed=True)
    [5089.4-5089.6] shit (llm_confirmed=True)
    [5170.1-5170.4] bullshit (llm_confirmed=True)
    [5186.6-5187.0] goddamn (llm_confirmed=True)
    [5459.9-5460.1] hell (llm_confirmed=True)
    [5474.5-5474.7] hell (llm_confirmed=True)
    [6924.1-6924.3] asshole (llm_confirmed=True)
    [7192.4-7192.8] shit (llm_confirmed=True)
    [7949.3-7949.6] shit (llm_confirmed=True)
Updated The.Martian.2015.1080p.HMAX.WEB-DL.DDP5.1.H.264-BLOOM.nuclearcutter.json
